Lmod has detected the following error: The following module(s) are unknown:
"2021"

Please check the spelling or version number. Also try "module spider ..."
It is also possible your cache file is out-of-date; it may help to try:
  $ module --ignore_cache load "2021"

Also make sure that all modulefiles written in TCL start with the string
#%Module



Lmod has detected the following error: The following module(s) are unknown:
"Miniconda3/4.9.2"

Please check the spelling or version number. Also try "module spider ..."
It is also possible your cache file is out-of-date; it may help to try:
  $ module --ignore_cache load "Miniconda3/4.9.2"

Also make sure that all modulefiles written in TCL start with the string
#%Module



2025-02-20 13:06:24,951 disclaimer INFO 

 PCR-GLOBWB (PCRaster Global Water Balance) Global Hydrological Model                       

 Copyright (C) 2016, Edwin H. Sutanudjaja, Rens van Beek, Niko Wanders, Yoshihide Wada,     
 Joyce H. C. Bosmans, Niels Drost, Ruud J. van der Ent, Inge E. M. de Graaf, Jannis M. Hoch,
 Kor de Jong, Derek Karssenberg, Patricia Lopez Lopez, Stefanie Pessenteiner, Oliver Schmitz,
 Menno W. Straatsma, Ekkamol Vannametee, Dominik Wisser, and Marc F. P. Bierkens            
 Faculty of Geosciences, Utrecht University, Utrecht, The Netherlands                       

 This program comes with ABSOLUTELY NO WARRANTY                                             
 This is free software, and you are welcome to redistribute it under certain conditions     
 See the LICENSE file for more details                                                      


2025-02-20 13:06:25,140 configuration INFO Model run started at 2025-02-20 13:06:16.535895
2025-02-20 13:06:25,200 configuration INFO Logging output to /scratch/depfg/steya001/1km_rhine/5min_meier_old_pn_2/log/5min_lc_meier_updated.ini.ini_2025-02-20T13.06.16.535895.log
2025-02-20 13:06:25,245 configuration INFO Debugging output to /scratch/depfg/steya001/1km_rhine/5min_meier_old_pn_2/log/5min_lc_meier_updated.ini.ini_2025-02-20T13.06.16.535895.dbg
2025-02-20 13:06:25,300 configuration INFO OS platform: Linux
2025-02-20 13:06:25,358 configuration INFO OS relesase: 5.14.0-427.42.1.el9_4.x86_64
2025-02-20 13:06:25,407 configuration INFO Python version:
3.10.8 | packaged by conda-forge | (main, Nov 22 2022, 08:26:04) [GCC 10.4.0]
2025-02-20 13:06:26,379 configuration INFO PCRaster version (output from pcrcalc): see the file /scratch/depfg/steya001/1km_rhine/5min_meier_old_pn_2/log/5min_lc_meier_updated.ini.ini_2025-02-20T13.06.16.535895_pcrcalc_output.txt
2025-02-20 13:06:26,411 configuration INFO PATH=/eejit/home/steya001/miniconda/envs/pcr_model/bin:/eejit/home/steya001/miniconda/bin:/eejit/home/steya001/miniconda/condabin:/usr/local/bin:/usr/bin:/usr/local/sbin:/usr/sbin:/eejit/home/steya001/.local/bin:/eejit/home/steya001/bin
2025-02-20 13:06:26,461 configuration INFO PYTHONPATH=N/A
2025-02-20 13:06:26,536 configuration INFO HOSTNAME: gpu024
2025-02-20 13:06:26,610 configuration INFO PCRASTER_NR_WORKER_THREADS (set by export, only for PCRaster version >= 4.2): N/A
2025-02-20 13:06:27,037 configuration WARNING The option "useMODFLOW" is not defined in the "groundwaterOptions" of the configuration file. We assume "False" for this option.
2025-02-20 13:06:27,227 configuration WARNING The option "maximumDailyGroundwaterAbstraction" is not defined in the "groundwaterOptions" of the configuration file. This run assumes "0.050 m/day" for this option.
2025-02-20 13:06:27,267 configuration WARNING The option "maximumDailyFossilGroundwaterAbstraction" is not defined in the "groundwaterOptions" of the configuration file. This run assumes "0.020 m/day" for this option.
2025-02-20 13:06:27,302 configuration WARNING The option "prioritizeLocalSourceToMeetWaterDemand" is not defined in the "landSurfaceOptions" of the configuration file. We assume "True" for this option. Local water sources are first used before abstracting water from neighboring cells.
2025-02-20 13:06:27,371 currTimeStep INFO number of time steps: 2193
2025-02-20 13:06:27,435 __main__ INFO Transient simulation run started.
2025-02-20 13:06:39,473 meteo INFO Method for the reference potential evaporation: Penman-Monteith
2025-02-20 13:06:39,504 meteo INFO The Penman Monteith is instantiated for wind input data at 10 m height.
2025-02-20 13:06:40,857 meteo INFO Temperature forcing will be downscaled to the cloneMap resolution.
2025-02-20 13:07:17,153 landSurface INFO Irrigation is included/considered in this run.
2025-02-20 13:07:17,217 landSurface INFO Domestic water demand is included in the calculation.
2025-02-20 13:07:17,275 landSurface INFO Industry water demand is included in the calculation.
2025-02-20 13:07:17,441 landSurface INFO Livestock water demand is included in the calculation.
2025-02-20 13:07:17,467 landSurface INFO Using the dynamicIrrigationArea option. Extent of irrigation areas is based on the file provided in the 'historicalIrrigationArea'.
2025-02-20 13:14:58,645 landSurface INFO Monthly desalination water is included.
2025-02-20 13:15:57,142 landSurface INFO Using/incorporating the predefined surface water source of Siebert et al. (2010) for satisfying irrigation and livestock demand.
2025-02-20 13:16:02,032 landSurface INFO Set the maximum fraction for predefined surface water source for satisfying domestic and industrial demand.
slurmstepd: error: *** JOB 496886 ON gpu024 CANCELLED AT 2025-02-20T14:16:01 ***
